
118. Executing CHECK pass (checking for obvious problems).
Checking module cpu...
Warning: Wire cpu.\instruction_memory.web1 is used but has no driver.
Warning: Wire cpu.$auto$hilomap.cc:39:hilomap_worker$111628 is used but has no driver.
Warning: Wire cpu.$auto$hilomap.cc:47:hilomap_worker$111626 is used but has no driver.
Warning: Wire cpu.$auto$hilomap.cc:47:hilomap_worker$111624 is used but has no driver.
Warning: Wire cpu.$auto$hilomap.cc:47:hilomap_worker$111622 is used but has no driver.
Warning: Wire cpu.$auto$hilomap.cc:47:hilomap_worker$111620 is used but has no driver.
Warning: Wire cpu.$auto$hilomap.cc:47:hilomap_worker$111618 is used but has no driver.
Warning: Wire cpu.$auto$hilomap.cc:47:hilomap_worker$111616 is used but has no driver.
Warning: Wire cpu.$auto$hilomap.cc:47:hilomap_worker$111614 is used but has no driver.
Warning: Wire cpu.$auto$hilomap.cc:47:hilomap_worker$111612 is used but has no driver.
Warning: Wire cpu.$auto$hilomap.cc:47:hilomap_worker$111610 is used but has no driver.
Warning: Wire cpu.$auto$hilomap.cc:47:hilomap_worker$111608 is used but has no driver.
Warning: Wire cpu.$auto$hilomap.cc:47:hilomap_worker$111606 is used but has no driver.
Warning: Wire cpu.$auto$hilomap.cc:47:hilomap_worker$111604 is used but has no driver.
Warning: Wire cpu.$auto$hilomap.cc:47:hilomap_worker$111602 is used but has no driver.
Warning: Wire cpu.$auto$hilomap.cc:47:hilomap_worker$111600 is used but has no driver.
Warning: Wire cpu.$auto$hilomap.cc:47:hilomap_worker$111598 is used but has no driver.
Warning: Wire cpu.$auto$hilomap.cc:47:hilomap_worker$111596 is used but has no driver.
Warning: Wire cpu.$auto$hilomap.cc:47:hilomap_worker$111594 is used but has no driver.
Warning: Wire cpu.$auto$hilomap.cc:47:hilomap_worker$111592 is used but has no driver.
Warning: Wire cpu.$auto$hilomap.cc:47:hilomap_worker$111590 is used but has no driver.
Warning: Wire cpu.$auto$hilomap.cc:47:hilomap_worker$111588 is used but has no driver.
Warning: Wire cpu.$auto$hilomap.cc:47:hilomap_worker$111586 is used but has no driver.
Warning: Wire cpu.$auto$hilomap.cc:47:hilomap_worker$111584 is used but has no driver.
Warning: Wire cpu.$auto$hilomap.cc:47:hilomap_worker$111582 is used but has no driver.
Warning: Wire cpu.$auto$hilomap.cc:47:hilomap_worker$111580 is used but has no driver.
Warning: Wire cpu.$auto$hilomap.cc:47:hilomap_worker$111578 is used but has no driver.
Warning: Wire cpu.$auto$hilomap.cc:47:hilomap_worker$111576 is used but has no driver.
Warning: Wire cpu.$auto$hilomap.cc:47:hilomap_worker$111574 is used but has no driver.
Warning: Wire cpu.$auto$hilomap.cc:47:hilomap_worker$111572 is used but has no driver.
Warning: Wire cpu.$auto$hilomap.cc:47:hilomap_worker$111570 is used but has no driver.
Warning: Wire cpu.$auto$hilomap.cc:47:hilomap_worker$111568 is used but has no driver.
Warning: Wire cpu.$auto$hilomap.cc:47:hilomap_worker$111566 is used but has no driver.
Warning: Wire cpu.$auto$hilomap.cc:47:hilomap_worker$111564 is used but has no driver.
Warning: Wire cpu.\instruction_memory.csb1 is used but has no driver.
Warning: Wire cpu.$auto$hilomap.cc:47:hilomap_worker$111562 is used but has no driver.
Warning: Wire cpu.\instruction_memory.addr[8] is used but has no driver.
Warning: Wire cpu.\instruction_memory.addr[7] is used but has no driver.
Warning: Wire cpu.\instruction_memory.addr[6] is used but has no driver.
Warning: Wire cpu.\instruction_memory.addr[5] is used but has no driver.
Warning: Wire cpu.\instruction_memory.addr[4] is used but has no driver.
Warning: Wire cpu.\instruction_memory.addr[3] is used but has no driver.
Warning: Wire cpu.\instruction_memory.addr[2] is used but has no driver.
Warning: Wire cpu.\data_memory.web1 is used but has no driver.
Warning: Wire cpu.\data_memory.web0 is used but has no driver.
Warning: Wire cpu.\alu_operand_mux.input_b[63] is used but has no driver.
Warning: Wire cpu.\alu_operand_mux.input_b[62] is used but has no driver.
Warning: Wire cpu.\alu_operand_mux.input_b[61] is used but has no driver.
Warning: Wire cpu.\alu_operand_mux.input_b[60] is used but has no driver.
Warning: Wire cpu.\alu_operand_mux.input_b[59] is used but has no driver.
Warning: Wire cpu.\alu_operand_mux.input_b[58] is used but has no driver.
Warning: Wire cpu.\alu_operand_mux.input_b[57] is used but has no driver.
Warning: Wire cpu.\alu_operand_mux.input_b[56] is used but has no driver.
Warning: Wire cpu.\alu_operand_mux.input_b[55] is used but has no driver.
Warning: Wire cpu.\alu_operand_mux.input_b[54] is used but has no driver.
Warning: Wire cpu.\alu_operand_mux.input_b[53] is used but has no driver.
Warning: Wire cpu.\alu_operand_mux.input_b[52] is used but has no driver.
Warning: Wire cpu.\alu_operand_mux.input_b[51] is used but has no driver.
Warning: Wire cpu.\alu_operand_mux.input_b[50] is used but has no driver.
Warning: Wire cpu.\alu_operand_mux.input_b[49] is used but has no driver.
Warning: Wire cpu.\alu_operand_mux.input_b[48] is used but has no driver.
Warning: Wire cpu.\alu_operand_mux.input_b[47] is used but has no driver.
Warning: Wire cpu.\alu_operand_mux.input_b[46] is used but has no driver.
Warning: Wire cpu.\alu_operand_mux.input_b[45] is used but has no driver.
Warning: Wire cpu.\alu_operand_mux.input_b[44] is used but has no driver.
Warning: Wire cpu.\alu_operand_mux.input_b[43] is used but has no driver.
Warning: Wire cpu.\alu_operand_mux.input_b[42] is used but has no driver.
Warning: Wire cpu.\alu_operand_mux.input_b[41] is used but has no driver.
Warning: Wire cpu.\alu_operand_mux.input_b[40] is used but has no driver.
Warning: Wire cpu.\alu_operand_mux.input_b[39] is used but has no driver.
Warning: Wire cpu.\alu_operand_mux.input_b[38] is used but has no driver.
Warning: Wire cpu.\alu_operand_mux.input_b[37] is used but has no driver.
Warning: Wire cpu.\alu_operand_mux.input_b[36] is used but has no driver.
Warning: Wire cpu.\alu_operand_mux.input_b[35] is used but has no driver.
Warning: Wire cpu.\alu_operand_mux.input_b[34] is used but has no driver.
Warning: Wire cpu.\alu_operand_mux.input_b[33] is used but has no driver.
Warning: Wire cpu.\alu_operand_mux.input_b[32] is used but has no driver.
Warning: Wire cpu.\alu_operand_mux.input_b[31] is used but has no driver.
Warning: Wire cpu.\alu_operand_mux.input_b[30] is used but has no driver.
Warning: Wire cpu.\alu_operand_mux.input_b[29] is used but has no driver.
Warning: Wire cpu.\alu_operand_mux.input_b[28] is used but has no driver.
Warning: Wire cpu.\alu_operand_mux.input_b[27] is used but has no driver.
Warning: Wire cpu.\alu_operand_mux.input_b[26] is used but has no driver.
Warning: Wire cpu.\alu_operand_mux.input_b[25] is used but has no driver.
Warning: Wire cpu.\alu_operand_mux.input_b[24] is used but has no driver.
Warning: Wire cpu.\alu_operand_mux.input_b[23] is used but has no driver.
Warning: Wire cpu.\alu_operand_mux.input_b[22] is used but has no driver.
Warning: Wire cpu.\alu_operand_mux.input_b[21] is used but has no driver.
Warning: Wire cpu.\alu_operand_mux.input_b[20] is used but has no driver.
Warning: Wire cpu.\alu_operand_mux.input_b[19] is used but has no driver.
Warning: Wire cpu.\alu_operand_mux.input_b[18] is used but has no driver.
Warning: Wire cpu.\alu_operand_mux.input_b[17] is used but has no driver.
Warning: Wire cpu.\alu_operand_mux.input_b[16] is used but has no driver.
Warning: Wire cpu.\alu_operand_mux.input_b[15] is used but has no driver.
Warning: Wire cpu.\alu_operand_mux.input_b[14] is used but has no driver.
Warning: Wire cpu.\alu_operand_mux.input_b[13] is used but has no driver.
Warning: Wire cpu.\alu_operand_mux.input_b[12] is used but has no driver.
Warning: Wire cpu.\alu_operand_mux.input_b[11] is used but has no driver.
Warning: Wire cpu.\alu_operand_mux.input_b[10] is used but has no driver.
Warning: Wire cpu.\alu_operand_mux.input_b[9] is used but has no driver.
Warning: Wire cpu.\alu_operand_mux.input_b[8] is used but has no driver.
Warning: Wire cpu.\alu_operand_mux.input_b[7] is used but has no driver.
Warning: Wire cpu.\alu_operand_mux.input_b[6] is used but has no driver.
Warning: Wire cpu.\alu_operand_mux.input_b[5] is used but has no driver.
Warning: Wire cpu.\alu_operand_mux.input_b[4] is used but has no driver.
Warning: Wire cpu.\alu_operand_mux.input_b[3] is used but has no driver.
Warning: Wire cpu.\alu_operand_mux.input_b[2] is used but has no driver.
Warning: Wire cpu.\alu_operand_mux.input_b[1] is used but has no driver.
Warning: Wire cpu.\alu_operand_mux.input_b[0] is used but has no driver.
Warning: Wire cpu.\data_memory.csb1 is used but has no driver.
Warning: Wire cpu.\data_memory.csb0 is used but has no driver.
Warning: Wire cpu.$abc$101485$abc$23067$flatten\data_memory.$indirect$\clk0$../Verilog/RTL_SOLUTION1_simple_program_and_MULT1/sram.v:164$363 is used but has no driver.
Warning: Wire cpu.\alu.alu_out[9] is used but has no driver.
Warning: Wire cpu.\alu.alu_out[8] is used but has no driver.
Warning: Wire cpu.\alu.alu_out[7] is used but has no driver.
Warning: Wire cpu.\alu.alu_out[6] is used but has no driver.
Warning: Wire cpu.\alu.alu_out[5] is used but has no driver.
Warning: Wire cpu.\alu.alu_out[4] is used but has no driver.
Warning: Wire cpu.\alu.alu_out[3] is used but has no driver.
Found and reported 119 problems.
