
136. Executing CHECK pass (checking for obvious problems).
Checking module cpu...
Warning: Wire cpu.\instruction_memory.web1 is used but has no driver.
Warning: Wire cpu.$auto$hilomap.cc:39:hilomap_worker$131762 is used but has no driver.
Warning: Wire cpu.$auto$hilomap.cc:47:hilomap_worker$131760 is used but has no driver.
Warning: Wire cpu.$auto$hilomap.cc:47:hilomap_worker$131758 is used but has no driver.
Warning: Wire cpu.$auto$hilomap.cc:47:hilomap_worker$131756 is used but has no driver.
Warning: Wire cpu.$auto$hilomap.cc:47:hilomap_worker$131754 is used but has no driver.
Warning: Wire cpu.$auto$hilomap.cc:47:hilomap_worker$131752 is used but has no driver.
Warning: Wire cpu.$auto$hilomap.cc:47:hilomap_worker$131750 is used but has no driver.
Warning: Wire cpu.$auto$hilomap.cc:47:hilomap_worker$131748 is used but has no driver.
Warning: Wire cpu.$auto$hilomap.cc:47:hilomap_worker$131746 is used but has no driver.
Warning: Wire cpu.$auto$hilomap.cc:47:hilomap_worker$131744 is used but has no driver.
Warning: Wire cpu.$auto$hilomap.cc:47:hilomap_worker$131742 is used but has no driver.
Warning: Wire cpu.$auto$hilomap.cc:47:hilomap_worker$131740 is used but has no driver.
Warning: Wire cpu.$auto$hilomap.cc:47:hilomap_worker$131738 is used but has no driver.
Warning: Wire cpu.$auto$hilomap.cc:47:hilomap_worker$131736 is used but has no driver.
Warning: Wire cpu.$auto$hilomap.cc:47:hilomap_worker$131734 is used but has no driver.
Warning: Wire cpu.$auto$hilomap.cc:47:hilomap_worker$131732 is used but has no driver.
Warning: Wire cpu.$auto$hilomap.cc:47:hilomap_worker$131730 is used but has no driver.
Warning: Wire cpu.$auto$hilomap.cc:47:hilomap_worker$131728 is used but has no driver.
Warning: Wire cpu.$auto$hilomap.cc:47:hilomap_worker$131726 is used but has no driver.
Warning: Wire cpu.$auto$hilomap.cc:47:hilomap_worker$131724 is used but has no driver.
Warning: Wire cpu.$auto$hilomap.cc:47:hilomap_worker$131722 is used but has no driver.
Warning: Wire cpu.$auto$hilomap.cc:47:hilomap_worker$131720 is used but has no driver.
Warning: Wire cpu.$auto$hilomap.cc:47:hilomap_worker$131718 is used but has no driver.
Warning: Wire cpu.$auto$hilomap.cc:47:hilomap_worker$131716 is used but has no driver.
Warning: Wire cpu.$auto$hilomap.cc:47:hilomap_worker$131714 is used but has no driver.
Warning: Wire cpu.$auto$hilomap.cc:47:hilomap_worker$131712 is used but has no driver.
Warning: Wire cpu.$auto$hilomap.cc:47:hilomap_worker$131710 is used but has no driver.
Warning: Wire cpu.$auto$hilomap.cc:47:hilomap_worker$131708 is used but has no driver.
Warning: Wire cpu.$auto$hilomap.cc:47:hilomap_worker$131706 is used but has no driver.
Warning: Wire cpu.$auto$hilomap.cc:47:hilomap_worker$131704 is used but has no driver.
Warning: Wire cpu.$auto$hilomap.cc:47:hilomap_worker$131702 is used but has no driver.
Warning: Wire cpu.$auto$hilomap.cc:47:hilomap_worker$131700 is used but has no driver.
Warning: Wire cpu.$auto$hilomap.cc:47:hilomap_worker$131698 is used but has no driver.
Warning: Wire cpu.\instruction_memory.csb1 is used but has no driver.
Warning: Wire cpu.$auto$hilomap.cc:47:hilomap_worker$131696 is used but has no driver.
Warning: Wire cpu.\instruction_memory.addr[8] is used but has no driver.
Warning: Wire cpu.\instruction_memory.addr[7] is used but has no driver.
Warning: Wire cpu.\instruction_memory.addr[6] is used but has no driver.
Warning: Wire cpu.\instruction_memory.addr[5] is used but has no driver.
Warning: Wire cpu.\instruction_memory.addr[4] is used but has no driver.
Warning: Wire cpu.\instruction_memory.addr[3] is used but has no driver.
Warning: Wire cpu.\instruction_memory.addr[2] is used but has no driver.
Warning: Wire cpu.\data_memory.web1 is used but has no driver.
Warning: Wire cpu.\data_memory.web0 is used but has no driver.
Warning: Wire cpu.\alu_operand_mux.input_b[63] is used but has no driver.
Warning: Wire cpu.\alu_operand_mux.input_b[62] is used but has no driver.
Warning: Wire cpu.\alu_operand_mux.input_b[61] is used but has no driver.
Warning: Wire cpu.\alu_operand_mux.input_b[60] is used but has no driver.
Warning: Wire cpu.\alu_operand_mux.input_b[59] is used but has no driver.
Warning: Wire cpu.\alu_operand_mux.input_b[58] is used but has no driver.
Warning: Wire cpu.\alu_operand_mux.input_b[57] is used but has no driver.
Warning: Wire cpu.\alu_operand_mux.input_b[56] is used but has no driver.
Warning: Wire cpu.\alu_operand_mux.input_b[55] is used but has no driver.
Warning: Wire cpu.\alu_operand_mux.input_b[54] is used but has no driver.
Warning: Wire cpu.\alu_operand_mux.input_b[53] is used but has no driver.
Warning: Wire cpu.\alu_operand_mux.input_b[52] is used but has no driver.
Warning: Wire cpu.\alu_operand_mux.input_b[51] is used but has no driver.
Warning: Wire cpu.\alu_operand_mux.input_b[50] is used but has no driver.
Warning: Wire cpu.\alu_operand_mux.input_b[49] is used but has no driver.
Warning: Wire cpu.\alu_operand_mux.input_b[48] is used but has no driver.
Warning: Wire cpu.\alu_operand_mux.input_b[47] is used but has no driver.
Warning: Wire cpu.\alu_operand_mux.input_b[46] is used but has no driver.
Warning: Wire cpu.\alu_operand_mux.input_b[45] is used but has no driver.
Warning: Wire cpu.\alu_operand_mux.input_b[44] is used but has no driver.
Warning: Wire cpu.\alu_operand_mux.input_b[43] is used but has no driver.
Warning: Wire cpu.\alu_operand_mux.input_b[42] is used but has no driver.
Warning: Wire cpu.\alu_operand_mux.input_b[41] is used but has no driver.
Warning: Wire cpu.\alu_operand_mux.input_b[40] is used but has no driver.
Warning: Wire cpu.\alu_operand_mux.input_b[39] is used but has no driver.
Warning: Wire cpu.\alu_operand_mux.input_b[38] is used but has no driver.
Warning: Wire cpu.\alu_operand_mux.input_b[37] is used but has no driver.
Warning: Wire cpu.\alu_operand_mux.input_b[36] is used but has no driver.
Warning: Wire cpu.\alu_operand_mux.input_b[35] is used but has no driver.
Warning: Wire cpu.\alu_operand_mux.input_b[34] is used but has no driver.
Warning: Wire cpu.\alu_operand_mux.input_b[33] is used but has no driver.
Warning: Wire cpu.\alu_operand_mux.input_b[32] is used but has no driver.
Warning: Wire cpu.\alu_operand_mux.input_b[31] is used but has no driver.
Warning: Wire cpu.\alu_operand_mux.input_b[30] is used but has no driver.
Warning: Wire cpu.\alu_operand_mux.input_b[29] is used but has no driver.
Warning: Wire cpu.\alu_operand_mux.input_b[28] is used but has no driver.
Warning: Wire cpu.\alu_operand_mux.input_b[27] is used but has no driver.
Warning: Wire cpu.\alu_operand_mux.input_b[26] is used but has no driver.
Warning: Wire cpu.\alu_operand_mux.input_b[25] is used but has no driver.
Warning: Wire cpu.\alu_operand_mux.input_b[24] is used but has no driver.
Warning: Wire cpu.\alu_operand_mux.input_b[23] is used but has no driver.
Warning: Wire cpu.\alu_operand_mux.input_b[22] is used but has no driver.
Warning: Wire cpu.\alu_operand_mux.input_b[21] is used but has no driver.
Warning: Wire cpu.\alu_operand_mux.input_b[20] is used but has no driver.
Warning: Wire cpu.\alu_operand_mux.input_b[19] is used but has no driver.
Warning: Wire cpu.\alu_operand_mux.input_b[18] is used but has no driver.
Warning: Wire cpu.\alu_operand_mux.input_b[17] is used but has no driver.
Warning: Wire cpu.\alu_operand_mux.input_b[16] is used but has no driver.
Warning: Wire cpu.\alu_operand_mux.input_b[15] is used but has no driver.
Warning: Wire cpu.\alu_operand_mux.input_b[14] is used but has no driver.
Warning: Wire cpu.\alu_operand_mux.input_b[13] is used but has no driver.
Warning: Wire cpu.\alu_operand_mux.input_b[12] is used but has no driver.
Warning: Wire cpu.\alu_operand_mux.input_b[11] is used but has no driver.
Warning: Wire cpu.\alu_operand_mux.input_b[10] is used but has no driver.
Warning: Wire cpu.\alu_operand_mux.input_b[9] is used but has no driver.
Warning: Wire cpu.\alu_operand_mux.input_b[8] is used but has no driver.
Warning: Wire cpu.\alu_operand_mux.input_b[7] is used but has no driver.
Warning: Wire cpu.\alu_operand_mux.input_b[6] is used but has no driver.
Warning: Wire cpu.\alu_operand_mux.input_b[5] is used but has no driver.
Warning: Wire cpu.\alu_operand_mux.input_b[4] is used but has no driver.
Warning: Wire cpu.\alu_operand_mux.input_b[3] is used but has no driver.
Warning: Wire cpu.\alu_operand_mux.input_b[2] is used but has no driver.
Warning: Wire cpu.\alu_operand_mux.input_b[1] is used but has no driver.
Warning: Wire cpu.\alu_operand_mux.input_b[0] is used but has no driver.
Warning: Wire cpu.\data_memory.csb1 is used but has no driver.
Warning: Wire cpu.\data_memory.csb0 is used but has no driver.
Warning: Wire cpu.$abc$121782$abc$23067$flatten\data_memory.$indirect$\clk0$../Verilog/RTL_SOLUTION1_simple_program_and_MULT1/sram.v:164$363 is used but has no driver.
Warning: Wire cpu.\alu.alu_out[9] is used but has no driver.
Warning: Wire cpu.\alu.alu_out[8] is used but has no driver.
Warning: Wire cpu.\alu.alu_out[7] is used but has no driver.
Warning: Wire cpu.\alu.alu_out[6] is used but has no driver.
Warning: Wire cpu.\alu.alu_out[5] is used but has no driver.
Warning: Wire cpu.\alu.alu_out[4] is used but has no driver.
Warning: Wire cpu.\alu.alu_out[3] is used but has no driver.
Found and reported 119 problems.
