
145. Executing CHECK pass (checking for obvious problems).
Checking module cpu...
Warning: Wire cpu.\instruction_memory.web1 is used but has no driver.
Warning: Wire cpu.$auto$hilomap.cc:39:hilomap_worker$146253 is used but has no driver.
Warning: Wire cpu.$auto$hilomap.cc:47:hilomap_worker$146251 is used but has no driver.
Warning: Wire cpu.$auto$hilomap.cc:47:hilomap_worker$146249 is used but has no driver.
Warning: Wire cpu.$auto$hilomap.cc:47:hilomap_worker$146247 is used but has no driver.
Warning: Wire cpu.$auto$hilomap.cc:47:hilomap_worker$146245 is used but has no driver.
Warning: Wire cpu.$auto$hilomap.cc:47:hilomap_worker$146243 is used but has no driver.
Warning: Wire cpu.$auto$hilomap.cc:47:hilomap_worker$146241 is used but has no driver.
Warning: Wire cpu.$auto$hilomap.cc:47:hilomap_worker$146239 is used but has no driver.
Warning: Wire cpu.$auto$hilomap.cc:47:hilomap_worker$146237 is used but has no driver.
Warning: Wire cpu.$auto$hilomap.cc:47:hilomap_worker$146235 is used but has no driver.
Warning: Wire cpu.$auto$hilomap.cc:47:hilomap_worker$146233 is used but has no driver.
Warning: Wire cpu.$auto$hilomap.cc:47:hilomap_worker$146231 is used but has no driver.
Warning: Wire cpu.$auto$hilomap.cc:47:hilomap_worker$146229 is used but has no driver.
Warning: Wire cpu.$auto$hilomap.cc:47:hilomap_worker$146227 is used but has no driver.
Warning: Wire cpu.$auto$hilomap.cc:47:hilomap_worker$146225 is used but has no driver.
Warning: Wire cpu.$auto$hilomap.cc:47:hilomap_worker$146223 is used but has no driver.
Warning: Wire cpu.$auto$hilomap.cc:47:hilomap_worker$146221 is used but has no driver.
Warning: Wire cpu.$auto$hilomap.cc:47:hilomap_worker$146219 is used but has no driver.
Warning: Wire cpu.$auto$hilomap.cc:47:hilomap_worker$146217 is used but has no driver.
Warning: Wire cpu.$auto$hilomap.cc:47:hilomap_worker$146215 is used but has no driver.
Warning: Wire cpu.$auto$hilomap.cc:47:hilomap_worker$146213 is used but has no driver.
Warning: Wire cpu.$auto$hilomap.cc:47:hilomap_worker$146211 is used but has no driver.
Warning: Wire cpu.$auto$hilomap.cc:47:hilomap_worker$146209 is used but has no driver.
Warning: Wire cpu.$auto$hilomap.cc:47:hilomap_worker$146207 is used but has no driver.
Warning: Wire cpu.$auto$hilomap.cc:47:hilomap_worker$146205 is used but has no driver.
Warning: Wire cpu.$auto$hilomap.cc:47:hilomap_worker$146203 is used but has no driver.
Warning: Wire cpu.$auto$hilomap.cc:47:hilomap_worker$146201 is used but has no driver.
Warning: Wire cpu.$auto$hilomap.cc:47:hilomap_worker$146199 is used but has no driver.
Warning: Wire cpu.$auto$hilomap.cc:47:hilomap_worker$146197 is used but has no driver.
Warning: Wire cpu.$auto$hilomap.cc:47:hilomap_worker$146195 is used but has no driver.
Warning: Wire cpu.$auto$hilomap.cc:47:hilomap_worker$146193 is used but has no driver.
Warning: Wire cpu.$auto$hilomap.cc:47:hilomap_worker$146191 is used but has no driver.
Warning: Wire cpu.$auto$hilomap.cc:47:hilomap_worker$146189 is used but has no driver.
Warning: Wire cpu.\instruction_memory.csb1 is used but has no driver.
Warning: Wire cpu.$auto$hilomap.cc:47:hilomap_worker$146187 is used but has no driver.
Warning: Wire cpu.\instruction_memory.addr[8] is used but has no driver.
Warning: Wire cpu.\instruction_memory.addr[7] is used but has no driver.
Warning: Wire cpu.\instruction_memory.addr[6] is used but has no driver.
Warning: Wire cpu.\instruction_memory.addr[5] is used but has no driver.
Warning: Wire cpu.\instruction_memory.addr[4] is used but has no driver.
Warning: Wire cpu.\instruction_memory.addr[3] is used but has no driver.
Warning: Wire cpu.\instruction_memory.addr[2] is used but has no driver.
Warning: Wire cpu.\data_memory.web1 is used but has no driver.
Warning: Wire cpu.\data_memory.web0 is used but has no driver.
Warning: Wire cpu.\alu_operand_mux.input_b[63] is used but has no driver.
Warning: Wire cpu.\alu_operand_mux.input_b[62] is used but has no driver.
Warning: Wire cpu.\alu_operand_mux.input_b[61] is used but has no driver.
Warning: Wire cpu.\alu_operand_mux.input_b[60] is used but has no driver.
Warning: Wire cpu.\alu_operand_mux.input_b[59] is used but has no driver.
Warning: Wire cpu.\alu_operand_mux.input_b[58] is used but has no driver.
Warning: Wire cpu.\alu_operand_mux.input_b[57] is used but has no driver.
Warning: Wire cpu.\alu_operand_mux.input_b[56] is used but has no driver.
Warning: Wire cpu.\alu_operand_mux.input_b[55] is used but has no driver.
Warning: Wire cpu.\alu_operand_mux.input_b[54] is used but has no driver.
Warning: Wire cpu.\alu_operand_mux.input_b[53] is used but has no driver.
Warning: Wire cpu.\alu_operand_mux.input_b[52] is used but has no driver.
Warning: Wire cpu.\alu_operand_mux.input_b[51] is used but has no driver.
Warning: Wire cpu.\alu_operand_mux.input_b[50] is used but has no driver.
Warning: Wire cpu.\alu_operand_mux.input_b[49] is used but has no driver.
Warning: Wire cpu.\alu_operand_mux.input_b[48] is used but has no driver.
Warning: Wire cpu.\alu_operand_mux.input_b[47] is used but has no driver.
Warning: Wire cpu.\alu_operand_mux.input_b[46] is used but has no driver.
Warning: Wire cpu.\alu_operand_mux.input_b[45] is used but has no driver.
Warning: Wire cpu.\alu_operand_mux.input_b[44] is used but has no driver.
Warning: Wire cpu.\alu_operand_mux.input_b[43] is used but has no driver.
Warning: Wire cpu.\alu_operand_mux.input_b[42] is used but has no driver.
Warning: Wire cpu.\alu_operand_mux.input_b[41] is used but has no driver.
Warning: Wire cpu.\alu_operand_mux.input_b[40] is used but has no driver.
Warning: Wire cpu.\alu_operand_mux.input_b[39] is used but has no driver.
Warning: Wire cpu.\alu_operand_mux.input_b[38] is used but has no driver.
Warning: Wire cpu.\alu_operand_mux.input_b[37] is used but has no driver.
Warning: Wire cpu.\alu_operand_mux.input_b[36] is used but has no driver.
Warning: Wire cpu.\alu_operand_mux.input_b[35] is used but has no driver.
Warning: Wire cpu.\alu_operand_mux.input_b[34] is used but has no driver.
Warning: Wire cpu.\alu_operand_mux.input_b[33] is used but has no driver.
Warning: Wire cpu.\alu_operand_mux.input_b[32] is used but has no driver.
Warning: Wire cpu.\alu_operand_mux.input_b[31] is used but has no driver.
Warning: Wire cpu.\alu_operand_mux.input_b[30] is used but has no driver.
Warning: Wire cpu.\alu_operand_mux.input_b[29] is used but has no driver.
Warning: Wire cpu.\alu_operand_mux.input_b[28] is used but has no driver.
Warning: Wire cpu.\alu_operand_mux.input_b[27] is used but has no driver.
Warning: Wire cpu.\alu_operand_mux.input_b[26] is used but has no driver.
Warning: Wire cpu.\alu_operand_mux.input_b[25] is used but has no driver.
Warning: Wire cpu.\alu_operand_mux.input_b[24] is used but has no driver.
Warning: Wire cpu.\alu_operand_mux.input_b[23] is used but has no driver.
Warning: Wire cpu.\alu_operand_mux.input_b[22] is used but has no driver.
Warning: Wire cpu.\alu_operand_mux.input_b[21] is used but has no driver.
Warning: Wire cpu.\alu_operand_mux.input_b[20] is used but has no driver.
Warning: Wire cpu.\alu_operand_mux.input_b[19] is used but has no driver.
Warning: Wire cpu.\alu_operand_mux.input_b[18] is used but has no driver.
Warning: Wire cpu.\alu_operand_mux.input_b[17] is used but has no driver.
Warning: Wire cpu.\alu_operand_mux.input_b[16] is used but has no driver.
Warning: Wire cpu.\alu_operand_mux.input_b[15] is used but has no driver.
Warning: Wire cpu.\alu_operand_mux.input_b[14] is used but has no driver.
Warning: Wire cpu.\alu_operand_mux.input_b[13] is used but has no driver.
Warning: Wire cpu.\alu_operand_mux.input_b[12] is used but has no driver.
Warning: Wire cpu.\alu_operand_mux.input_b[11] is used but has no driver.
Warning: Wire cpu.\alu_operand_mux.input_b[10] is used but has no driver.
Warning: Wire cpu.\alu_operand_mux.input_b[9] is used but has no driver.
Warning: Wire cpu.\alu_operand_mux.input_b[8] is used but has no driver.
Warning: Wire cpu.\alu_operand_mux.input_b[7] is used but has no driver.
Warning: Wire cpu.\alu_operand_mux.input_b[6] is used but has no driver.
Warning: Wire cpu.\alu_operand_mux.input_b[5] is used but has no driver.
Warning: Wire cpu.\alu_operand_mux.input_b[4] is used but has no driver.
Warning: Wire cpu.\alu_operand_mux.input_b[3] is used but has no driver.
Warning: Wire cpu.\alu_operand_mux.input_b[2] is used but has no driver.
Warning: Wire cpu.\alu_operand_mux.input_b[1] is used but has no driver.
Warning: Wire cpu.\alu_operand_mux.input_b[0] is used but has no driver.
Warning: Wire cpu.\data_memory.csb1 is used but has no driver.
Warning: Wire cpu.\data_memory.csb0 is used but has no driver.
Warning: Wire cpu.$abc$131764$abc$23067$flatten\data_memory.$indirect$\clk0$../Verilog/RTL_SOLUTION1_simple_program_and_MULT1/sram.v:164$363 is used but has no driver.
Warning: Wire cpu.\alu.alu_out[9] is used but has no driver.
Warning: Wire cpu.\alu.alu_out[8] is used but has no driver.
Warning: Wire cpu.\alu.alu_out[7] is used but has no driver.
Warning: Wire cpu.\alu.alu_out[6] is used but has no driver.
Warning: Wire cpu.\alu.alu_out[5] is used but has no driver.
Warning: Wire cpu.\alu.alu_out[4] is used but has no driver.
Warning: Wire cpu.\alu.alu_out[3] is used but has no driver.
Found and reported 119 problems.
